test git add file
